2025-07-08 11:11:46,493, INFO This is an information message
2025-07-08 11:11:46,493, ERROR This is an error message
2025-07-08 11:11:46,493, ERROR An error occurred: division by zero
